.next/dev/types/validator.ts(135,31): error TS2344: Type 'typeof import("C:/Users/akjha/OneDrive/Documents/MyProjects/mystrymsg/app/api/accept-messages/route")' does not satisfy the constraint 'RouteHandlerConfig<"/api/accept-messages">'.
  The types returned by 'GET(...)' are incompatible between these types.
    Type 'Promise<{ status: number; }>' is not assignable to type 'void | Response | Promise<void | Response>'.
      Type 'Promise<{ status: number; }>' is not assignable to type 'Promise<void | Response>'.
        Type '{ status: number; }' is not assignable to type 'void | Response'.
          Type '{ status: number; }' is missing the following properties from type 'Response': headers, ok, redirected, statusText, and 11 more.
.next/dev/types/validator.ts(162,31): error TS2344: Type 'typeof import("C:/Users/akjha/OneDrive/Documents/MyProjects/mystrymsg/app/api/delete-message/[messageid]/route")' does not satisfy the constraint 'RouteHandlerConfig<"/api/delete-message/[messageid]">'.
  Types of property 'DELETE' are incompatible.
    Type '(request: Request, { params }: { params: { messageid: string; }; }) => Promise<{ status: number; } | undefined>' is not assignable to type '(request: NextRequest, context: { params: Promise<{ messageid: string; }>; }) => void | Response | Promise<void | Response>'.
      Types of parameters '__1' and 'context' are incompatible.
        Type '{ params: Promise<{ messageid: string; }>; }' is not assignable to type '{ params: { messageid: string; }; }'.
          Types of property 'params' are incompatible.
            Property 'messageid' is missing in type 'Promise<{ messageid: string; }>' but required in type '{ messageid: string; }'.
.next/dev/types/validator.ts(171,31): error TS2344: Type 'typeof import("C:/Users/akjha/OneDrive/Documents/MyProjects/mystrymsg/app/api/get-messages/route")' does not satisfy the constraint 'RouteHandlerConfig<"/api/get-messages">'.
  The types returned by 'GET(...)' are incompatible between these types.
    Type 'Promise<{ status: number; }>' is not assignable to type 'void | Response | Promise<void | Response>'.
      Type 'Promise<{ status: number; }>' is not assignable to type 'Promise<void | Response>'.
        Type '{ status: number; }' is not assignable to type 'void | Response'.
          Type '{ status: number; }' is missing the following properties from type 'Response': headers, ok, redirected, statusText, and 11 more.
.next/dev/types/validator.ts(243,31): error TS2344: Type 'typeof import("C:/Users/akjha/OneDrive/Documents/MyProjects/mystrymsg/app/api/send-message/route")' does not satisfy the constraint 'RouteHandlerConfig<"/api/send-message">'.
  The types returned by 'POST(...)' are incompatible between these types.
    Type 'Promise<{ status: number; }>' is not assignable to type 'void | Response | Promise<void | Response>'.
      Type 'Promise<{ status: number; }>' is not assignable to type 'Promise<void | Response>'.
        Type '{ status: number; }' is not assignable to type 'void | Response'.
          Type '{ status: number; }' is missing the following properties from type 'Response': headers, ok, redirected, statusText, and 11 more.
app/layout.tsx(37,13): error TS2322: Type '{ children: (Element | ReactNode)[]; attribute: string; defaultTheme: string; enableSystem: true; disableTransitionOnChange: true; }' is not assignable to type 'IntrinsicAttributes & { children: ReactNode; }'.
  Property 'attribute' does not exist on type 'IntrinsicAttributes & { children: ReactNode; }'.
